// Jest Snapshot v1, https://goo.gl/fbAQLP

exports[` Page Header Snapshot  Should render the page header and should match snapshot 1`] = `undefined`;
